 [WARNING]: provided hosts list is empty, only localhost is available


PLAY ***************************************************************************

TASK [setup] *******************************************************************
ok: [localhost]

TASK [Install Git] *************************************************************
ok: [localhost]

TASK [Install docker] **********************************************************
ok: [localhost]

TASK [Clone Pet-Clinic] ********************************************************
ok: [localhost]

TASK [Clone Xura-Training] *****************************************************
fatal: [localhost]: FAILED! => {"changed": false, "failed": true, "msg": "Could not determine remote revision for HEAD"}

PLAY RECAP *********************************************************************
localhost                  : ok=4    changed=0    unreachable=0    failed=1

[ec2-user@ip-172-31-7-210 ~]$ ansible-playbook example1.yml
 [WARNING]: provided hosts list is empty, only localhost is available


PLAY ***************************************************************************

TASK [setup] *******************************************************************
ok: [localhost]

TASK [Install Git] *************************************************************
ok: [localhost]

TASK [Install docker] **********************************************************
ok: [localhost]

TASK [Clone Pet-Clinic] ********************************************************
ok: [localhost]

TASK [Clone Xura-Training] *****************************************************
fatal: [localhost]: FAILED! => {"changed": false, "failed": true, "msg": "Failed to checkout branch master"}

PLAY RECAP *********************************************************************
localhost                  : ok=4    changed=0    unreachable=0    failed=1

[ec2-user@ip-172-31-7-210 ~]$ vi example1.yml
[ec2-user@ip-172-31-7-210 ~]$ cd Projects/
[ec2-user@ip-172-31-7-210 Projects]$ ls
petclinic  Xura
[ec2-user@ip-172-31-7-210 Projects]$ cd Xura/
[ec2-user@ip-172-31-7-210 Xura]$ ls
README.md
[ec2-user@ip-172-31-7-210 Xura]$ git status
On branch master
Your branch is up-to-date with 'origin/master'.
nothing to commit, working directory clean
[ec2-user@ip-172-31-7-210 Xura]$ cd ..
[ec2-user@ip-172-31-7-210 Projects]$ cd ..
[ec2-user@ip-172-31-7-210 ~]$ vi
.ansible/      .bash_logout   .bashrc        example1.yml   Projects/      .viminfo
.bash_history  .bash_profile  .cache/        .pki/          .ssh/
[ec2-user@ip-172-31-7-210 ~]$ vi example1.yml
[ec2-user@ip-172-31-7-210 ~]$ ansible-playbook example1.yml \
>
 [WARNING]: provided hosts list is empty, only localhost is available


PLAY ***************************************************************************

TASK [setup] *******************************************************************
ok: [localhost]

TASK [Install Git] *************************************************************
ok: [localhost]

TASK [Install docker] **********************************************************
ok: [localhost]

TASK [Clone Pet-Clinic] ********************************************************
ok: [localhost]

TASK [Clone Xura-Training] *****************************************************
ok: [localhost]

PLAY RECAP *********************************************************************
localhost                  : ok=5    changed=0    unreachable=0    failed=0

[ec2-user@ip-172-31-7-210 ~]$ ls
example1.yml  Projects
[ec2-user@ip-172-31-7-210 ~]$ cd Projects/Xura/
[ec2-user@ip-172-31-7-210 Xura]$ ls
README.md
[ec2-user@ip-172-31-7-210 Xura]$ cp ../../example1.yml .
[ec2-user@ip-172-31-7-210 Xura]$ ls
example1.yml  README.md
[ec2-user@ip-172-31-7-210 Xura]$ git add .
[ec2-user@ip-172-31-7-210 Xura]$ git status
On branch master
Your branch is up-to-date with 'origin/master'.
Changes to be committed:
  (use "git reset HEAD <file>..." to unstage)

        new file:   example1.yml

[ec2-user@ip-172-31-7-210 Xura]$ git commit
Aborting commit due to empty commit message.
[ec2-user@ip-172-31-7-210 Xura]$ git commit .
Aborting commit due to empty commit message.
[ec2-user@ip-172-31-7-210 Xura]$
[ec2-user@ip-172-31-7-210 Xura]$
[ec2-user@ip-172-31-7-210 Xura]$
[ec2-user@ip-172-31-7-210 Xura]$
[ec2-user@ip-172-31-7-210 Xura]$
[ec2-user@ip-172-31-7-210 Xura]$ git status
On branch master
Your branch is up-to-date with 'origin/master'.
Changes to be committed:
  (use "git reset HEAD <file>..." to unstage)

        new file:   example1.yml

[ec2-user@ip-172-31-7-210 Xura]$ git commit example1.yml
Aborting commit due to empty commit message.
[ec2-user@ip-172-31-7-210 Xura]$ git commit -a
Aborting commit due to empty commit message.
[ec2-user@ip-172-31-7-210 Xura]$ ls
example1.yml  README.md
[ec2-user@ip-172-31-7-210 Xura]$
[ec2-user@ip-172-31-7-210 Xura]$
[ec2-user@ip-172-31-7-210 Xura]$
[ec2-user@ip-172-31-7-210 Xura]$
[ec2-user@ip-172-31-7-210 Xura]$ git add .
[ec2-user@ip-172-31-7-210 Xura]$ ls
example1.yml  README.md
[ec2-user@ip-172-31-7-210 Xura]$ git status
On branch master
Your branch is up-to-date with 'origin/master'.
Changes to be committed:
  (use "git reset HEAD <file>..." to unstage)

        new file:   example1.yml

[ec2-user@ip-172-31-7-210 Xura]$ git commit -m
error: switch `m' requires a value
usage: git commit [<options>] [--] <pathspec>...

    -q, --quiet           suppress summary after successful commit
    -v, --verbose         show diff in commit message template

Commit message options
    -F, --file <file>     read message from file
    --author <author>     override author for commit
    --date <date>         override date for commit
    -m, --message <message>
                          commit message
    -c, --reedit-message <commit>
                          reuse and edit message from specified commit
    -C, --reuse-message <commit>
                          reuse message from specified commit
    --fixup <commit>      use autosquash formatted message to fixup specified commit
    --squash <commit>     use autosquash formatted message to squash specified commit
    --reset-author        the commit is authored by me now (used with -C/-c/--amend)
    -s, --signoff         add Signed-off-by:
    -t, --template <file>
                          use specified template file
    -e, --edit            force edit of commit
    --cleanup <default>   how to strip spaces and #comments from message
    --status              include status in commit message template
    -S, --gpg-sign[=<key-id>]
                          GPG sign commit

Commit contents options
    -a, --all             commit all changed files
    -i, --include         add specified files to index for commit
    --interactive         interactively add files
    -p, --patch           interactively add changes
    -o, --only            commit only specified files
    -n, --no-verify       bypass pre-commit hook
    --dry-run             show what would be committed
    --short               show status concisely
    --branch              show branch information
    --porcelain           machine-readable output
    --long                show status in long format (default)
    -z, --null            terminate entries with NUL
    --amend               amend previous commit
    --no-post-rewrite     bypass post-rewrite hook
    -u, --untracked-files[=<mode>]
                          show untracked files, optional modes: all, normal, no. (Default: all)

[ec2-user@ip-172-31-7-210 Xura]$ git commit -m "first file"
[master 399f861] first file
 Committer: EC2 Default User <ec2-user@ip-172-31-7-210.eu-central-1.compute.internal>
Your name and email address were configured automatically based
on your username and hostname. Please check that they are accurate.
You can suppress this message by setting them explicitly. Run the
following command and follow the instructions in your editor to edit
your configuration file:

    git config --global --edit

After doing this, you may fix the identity used for this commit with:

    git commit --amend --reset-author

 1 file changed, 14 insertions(+)
 create mode 100644 example1.yml
[ec2-user@ip-172-31-7-210 Xura]$ git status
On branch master
Your branch is ahead of 'origin/master' by 1 commit.
  (use "git push" to publish your local commits)
nothing to commit, working directory clean
[ec2-user@ip-172-31-7-210 Xura]$ git push
warning: push.default is unset; its implicit value has changed in
Git 2.0 from 'matching' to 'simple'. To squelch this message
and maintain the traditional behavior, use:

  git config --global push.default matching

To squelch this message and adopt the new behavior now, use:

  git config --global push.default simple

When push.default is set to 'matching', git will push local branches
to the remote branches that already exist with the same name.

Since Git 2.0, Git defaults to the more conservative 'simple'
behavior, which only pushes the current branch to the corresponding
remote branch that 'git pull' uses to update the current branch.

See 'git help config' and search for 'push.default' for further information.
(the 'simple' mode was introduced in Git 1.7.11. Use the similar mode
'current' instead of 'simple' if you sometimes use older versions of Git)

Username for 'https://github.com': zvikagol
Password for 'https://zvikagol@github.com':
Counting objects: 3, done.
Compressing objects: 100% (3/3), done.
Writing objects: 100% (3/3), 516 bytes | 0 bytes/s, done.
Total 3 (delta 0), reused 0 (delta 0)
To https://github.com/zvikagol/Xura-training.git
   45a70d1..399f861  master -> master
[ec2-user@ip-172-31-7-210 Xura]$

